// 重构日志: 295719dc
// 重构日志: 9f3af1ef
// 重构日志: 2ede64f7
// 同步 ID: 2b85cc2d @ Wed Jul 15 07:06:54 UTC 2026
// 重构日志: dfe7fca1
// 重构日志: 321d8190
// 同步 ID: a41d925f @ Tue Jul 21 10:19:53 UTC 2026
// 重构日志: 6e7f05d0
// 重构日志: 57a051c1
// 重构日志: df36ccd5
// 重构日志: e1e49b3a
// 同步 ID: b097111e @ Sun Jul 26 01:06:38 UTC 2026
// 同步 ID: f8e4050e @ Sun Jul 26 10:09:20 UTC 2026
// 重构日志: db8c6346
// 重构日志: f8ce0dfc
// 重构日志: 8d18894f
// 同步 ID: aab2555c @ Fri Jul 31 16:34:47 UTC 2026
// 重构日志: 4cbc5532
// 重构日志: d9864f5a
// 同步 ID: d765ec26 @ Sun Aug  2 08:13:43 UTC 2026
// 重构日志: 684569f5
// 重构日志: 6eaf26b2
// 重构日志: 8cfe8ffa
// 重构日志: 59051395
// 重构日志: a840c5a3
// 同步 ID: bb5db64a @ Mon Aug  3 21:27:05 UTC 2026
// 同步 ID: 454a3800 @ Wed Aug  5 05:25:18 UTC 2026
// 同步 ID: 0dc21ad0 @ Wed Aug  5 13:30:48 UTC 2026
// 重构日志: 6fc51554
// 同步 ID: 464f92f1 @ Fri Aug  7 01:18:32 UTC 2026
// 重构日志: f951f001
